{
  "$schema": "http://json-schema.org/draft-07/schema",
  "$id": "http://example.com/example.json",
  "type": "object",
  "title": "The root schema",
  "description": "The root schema comprises the entire JSON document.",
  "default": {},
  "examples": [
    {
      "sensorState": "WARM",
      "takenTemperature": 22,
      "takenAt": "2021-11-22T23:39:57.144382Z"
    }
  ],
  "required": [
    "sensorState",
    "takenTemperature",
    "takenAt"
  ],
  "properties": {
    "sensorState": {
      "$id": "#/properties/sensorState",
      "type": "string",
      "title": "The sensorState schema",
      "description": "An explanation about the purpose of this instance.",
      "default": "",
      "examples": [
        "WARM"
      ]
    },
    "takenTemperature": {
      "$id": "#/properties/takenTemperature",
      "type": "integer",
      "title": "The takenTemperature schema",
      "description": "An explanation about the purpose of this instance.",
      "default": 0,
      "examples": [
        22
      ]
    },
    "takenAt": {
      "$id": "#/properties/takenAt",
      "type": "string",
      "title": "The takenAt schema",
      "description": "An explanation about the purpose of this instance.",
      "default": "",
      "examples": [
        "2021-11-22T23:39:57.144382Z"
      ]
    }
  },
  "additionalProperties": false
}